// Jest Snapshot v1, https://goo.gl/fbAQLP

exports[`Testing the Home Index file Home renders correctly 1`] = `
<View
  style={
    {
      "backgroundColor": "#f0f0f0",
      "flex": 1,
      "height": "100%",
      "width": "100%",
    }
  }
>
  <View
    style={
      {
        "flex": 1,
        "height": "100%",
        "width": "100%",
      }
    }
  >
    <View
      style={
        {
          "alignItems": "center",
          "flex": 1,
          "justifyContent": "center",
        }
      }
    >
      <Image
        source={1}
      />
      <Text
        style={
          {
            "fontSize": 30,
          }
        }
      >
        Select From
      </Text>
      <View
        style={
          {
            "flexDirection": "row",
            "justifyContent": "space-between",
            "padding": 10,
          }
        }
      >
        <View
          accessibilityState={
            {
              "busy": undefined,
              "checked": undefined,
              "disabled": undefined,
              "expanded": undefined,
              "selected": undefined,
            }
          }
          accessibilityValue={
            {
              "max": undefined,
              "min": undefined,
              "now": undefined,
              "text": undefined,
            }
          }
          accessible={true}
          collapsable={false}
          focusable={true}
          onClick={[Function]}
          onResponderGrant={[Function]}
          onResponderMove={[Function]}
          onResponderRelease={[Function]}
          onResponderTerminate={[Function]}
          onResponderTerminationRequest={[Function]}
          onStartShouldSetResponder={[Function]}
          style={
            {
              "backgroundColor": "#f9f9f9",
              "borderRadius": 10,
              "elevation": 5,
              "flex": 1,
              "justifyContent": "center",
              "margin": 5,
              "minHeight": 100,
              "minWidth": 150,
              "opacity": 1,
              "padding": 20,
              "shadowColor": "#000",
              "shadowOffset": {
                "height": 2,
                "width": 0,
              },
              "shadowOpacity": 0.3,
              "shadowRadius": 4,
            }
          }
        >
          <Text
            style={
              {
                "color": "#333",
                "fontSize": 18,
                "fontWeight": "bold",
                "textAlign": "center",
              }
            }
          >
            Gate In
          </Text>
        </View>
        <View
          accessibilityState={
            {
              "busy": undefined,
              "checked": undefined,
              "disabled": undefined,
              "expanded": undefined,
              "selected": undefined,
            }
          }
          accessibilityValue={
            {
              "max": undefined,
              "min": undefined,
              "now": undefined,
              "text": undefined,
            }
          }
          accessible={true}
          collapsable={false}
          focusable={true}
          onClick={[Function]}
          onResponderGrant={[Function]}
          onResponderMove={[Function]}
          onResponderRelease={[Function]}
          onResponderTerminate={[Function]}
          onResponderTerminationRequest={[Function]}
          onStartShouldSetResponder={[Function]}
          style={
            {
              "backgroundColor": "#f9f9f9",
              "borderRadius": 10,
              "elevation": 5,
              "flex": 1,
              "justifyContent": "center",
              "margin": 5,
              "minHeight": 100,
              "minWidth": 150,
              "opacity": 1,
              "padding": 20,
              "shadowColor": "#000",
              "shadowOffset": {
                "height": 2,
                "width": 0,
              },
              "shadowOpacity": 0.3,
              "shadowRadius": 4,
            }
          }
        >
          <Text
            style={
              {
                "color": "#333",
                "fontSize": 18,
                "fontWeight": "bold",
                "textAlign": "center",
              }
            }
          >
            Gate Out
          </Text>
        </View>
      </View>
    </View>
  </View>
</View>
`;

exports[`renders correctly 1`] = `
<Text
  style={
    [
      {
        "color": "#11181C",
      },
      {
        "fontSize": 16,
        "lineHeight": 24,
      },
      undefined,
      undefined,
      undefined,
      undefined,
      undefined,
    ]
  }
>
  Snapshot test!
</Text>
`;
